[14:48:02 INF] CORS policy execution successful. { EventId: { Id: 4, Name: "PolicySuccess" }, SourceContext: "Microsoft.AspNetCore.Cors.Infrastructure.CorsService", RequestId: "0HNLTFM8K8QDI:00000001", RequestPath: "/roles", ConnectionId: "0HNLTFM8K8QDI" }

[14:48:02 INF] CORS policy execution successful. { EventId: { Id: 4, Name: "PolicySuccess" }, SourceContext: "Microsoft.AspNetCore.Cors.Infrastructure.CorsService", RequestId: "0HNLTFM8K8QDJ:00000001", RequestPath: "/departments", ConnectionId: "0HNLTFM8K8QDJ" }

[14:48:02 INF] CORS policy execution successful. { EventId: { Id: 4, Name: "PolicySuccess" }, SourceContext: "Microsoft.AspNetCore.Cors.Infrastructure.CorsService", RequestId: "0HNLTFM8K8QDH:00000001", RequestPath: "/users", ConnectionId: "0HNLTFM8K8QDH" }

[14:48:02 INF] CORS policy execution successful. { EventId: { Id: 4, Name: "PolicySuccess" }, SourceContext: "Microsoft.AspNetCore.Cors.Infrastructure.CorsService", RequestId: "0HNLTFM8K8QDI:00000002", RequestPath: "/users", ConnectionId: "0HNLTFM8K8QDI" }

[14:48:02 INF] CORS policy execution successful. { EventId: { Id: 4, Name: "PolicySuccess" }, SourceContext: "Microsoft.AspNetCore.Cors.Infrastructure.CorsService", RequestId: "0HNLTFM8K8QDH:00000002", RequestPath: "/roles", ConnectionId: "0HNLTFM8K8QDH" }

[14:48:02 INF] CORS policy execution successful. { EventId: { Id: 4, Name: "PolicySuccess" }, SourceContext: "Microsoft.AspNetCore.Cors.Infrastructure.CorsService", RequestId: "0HNLTFM8K8QDJ:00000002", RequestPath: "/departments", ConnectionId: "0HNLTFM8K8QDJ" }

[14:48:02 INF] Executing endpoint 'HTTP: GET /users' { EventId: { Name: "ExecutingEndpoint" }, SourceContext: "Microsoft.AspNetCore.Routing.EndpointMiddleware", RequestId: "0HNLTFM8K8QDI:00000002", RequestPath: "/users", ConnectionId: "0HNLTFM8K8QDI" }

[14:48:02 INF] Executing endpoint 'HTTP: GET /roles' { EventId: { Name: "ExecutingEndpoint" }, SourceContext: "Microsoft.AspNetCore.Routing.EndpointMiddleware", RequestId: "0HNLTFM8K8QDH:00000002", RequestPath: "/roles", ConnectionId: "0HNLTFM8K8QDH" }

[14:48:02 INF] Executing endpoint 'HTTP: GET /departments' { EventId: { Name: "ExecutingEndpoint" }, SourceContext: "Microsoft.AspNetCore.Routing.EndpointMiddleware", RequestId: "0HNLTFM8K8QDJ:00000002", RequestPath: "/departments", ConnectionId: "0HNLTFM8K8QDJ" }

[14:48:02 INF] Handling GetRolesQuery { SourceContext: "AppWeaver.Mediator.Behaviors.LoggingBehavior", RequestId: "0HNLTFM8K8QDH:00000002", RequestPath: "/roles", ConnectionId: "0HNLTFM8K8QDH" }

[14:48:02 INF] Handling GetUsersQuery { SourceContext: "AppWeaver.Mediator.Behaviors.LoggingBehavior", RequestId: "0HNLTFM8K8QDI:00000002", RequestPath: "/users", ConnectionId: "0HNLTFM8K8QDI" }

[14:48:02 INF] Handling GetDepartmentsQuery { SourceContext: "AppWeaver.Mediator.Behaviors.LoggingBehavior", RequestId: "0HNLTFM8K8QDJ:00000002", RequestPath: "/departments", ConnectionId: "0HNLTFM8K8QDJ" }

[14:48:02 INF] Handled GetDepartmentsQuery { SourceContext: "AppWeaver.Mediator.Behaviors.LoggingBehavior", RequestId: "0HNLTFM8K8QDJ:00000002", RequestPath: "/departments", ConnectionId: "0HNLTFM8K8QDJ" }

[14:48:02 INF] Handled GetRolesQuery { SourceContext: "AppWeaver.Mediator.Behaviors.LoggingBehavior", RequestId: "0HNLTFM8K8QDH:00000002", RequestPath: "/roles", ConnectionId: "0HNLTFM8K8QDH" }

[14:48:02 INF] Executed endpoint 'HTTP: GET /roles' { EventId: { Id: 1, Name: "ExecutedEndpoint" }, SourceContext: "Microsoft.AspNetCore.Routing.EndpointMiddleware", RequestId: "0HNLTFM8K8QDH:00000002", RequestPath: "/roles", ConnectionId: "0HNLTFM8K8QDH" }

[14:48:02 INF] Handled GetUsersQuery { SourceContext: "AppWeaver.Mediator.Behaviors.LoggingBehavior", RequestId: "0HNLTFM8K8QDI:00000002", RequestPath: "/users", ConnectionId: "0HNLTFM8K8QDI" }

[14:48:02 INF] Executed endpoint 'HTTP: GET /departments' { EventId: { Id: 1, Name: "ExecutedEndpoint" }, SourceContext: "Microsoft.AspNetCore.Routing.EndpointMiddleware", RequestId: "0HNLTFM8K8QDJ:00000002", RequestPath: "/departments", ConnectionId: "0HNLTFM8K8QDJ" }

[14:48:02 INF] Setting HTTP status code 200. { EventId: { Id: 1, Name: "WritingResultAsStatusCode" }, SourceContext: "Microsoft.AspNetCore.Http.Result.OkObjectResult", RequestId: "0HNLTFM8K8QDI:00000002", RequestPath: "/users", ConnectionId: "0HNLTFM8K8QDI" }

[14:48:02 INF] Writing value of type 'List`1' as Json. { EventId: { Id: 3, Name: "WritingResultAsJson" }, SourceContext: "Microsoft.AspNetCore.Http.Result.OkObjectResult", RequestId: "0HNLTFM8K8QDI:00000002", RequestPath: "/users", ConnectionId: "0HNLTFM8K8QDI" }

[14:48:02 INF] Executed endpoint 'HTTP: GET /users' { EventId: { Id: 1, Name: "ExecutedEndpoint" }, SourceContext: "Microsoft.AspNetCore.Routing.EndpointMiddleware", RequestId: "0HNLTFM8K8QDI:00000002", RequestPath: "/users", ConnectionId: "0HNLTFM8K8QDI" }

[14:50:22 INF] CORS policy execution successful. { EventId: { Id: 4, Name: "PolicySuccess" }, SourceContext: "Microsoft.AspNetCore.Cors.Infrastructure.CorsService", RequestId: "0HNLTFM8K8QDK:00000001", RequestPath: "/users/925f1361-f68c-4536-86e0-2edad7ef1cc5", ConnectionId: "0HNLTFM8K8QDK" }

[14:50:22 INF] CORS policy execution successful. { EventId: { Id: 4, Name: "PolicySuccess" }, SourceContext: "Microsoft.AspNetCore.Cors.Infrastructure.CorsService", RequestId: "0HNLTFM8K8QDK:00000002", RequestPath: "/users/925f1361-f68c-4536-86e0-2edad7ef1cc5", ConnectionId: "0HNLTFM8K8QDK" }

[14:50:22 INF] Executing endpoint 'HTTP: PUT /users/{id}' { EventId: { Name: "ExecutingEndpoint" }, SourceContext: "Microsoft.AspNetCore.Routing.EndpointMiddleware", RequestId: "0HNLTFM8K8QDK:00000002", RequestPath: "/users/925f1361-f68c-4536-86e0-2edad7ef1cc5", ConnectionId: "0HNLTFM8K8QDK" }

[14:50:22 INF] Handling UpdateUserCommand { SourceContext: "AppWeaver.Mediator.Behaviors.LoggingBehavior", RequestId: "0HNLTFM8K8QDK:00000002", RequestPath: "/users/925f1361-f68c-4536-86e0-2edad7ef1cc5", ConnectionId: "0HNLTFM8K8QDK" }

[14:50:22 INF] Handled UpdateUserCommand { SourceContext: "AppWeaver.Mediator.Behaviors.LoggingBehavior", RequestId: "0HNLTFM8K8QDK:00000002", RequestPath: "/users/925f1361-f68c-4536-86e0-2edad7ef1cc5", ConnectionId: "0HNLTFM8K8QDK" }

[14:50:22 INF] Setting HTTP status code 200. { EventId: { Id: 1, Name: "WritingResultAsStatusCode" }, SourceContext: "Microsoft.AspNetCore.Http.Result.OkObjectResult", RequestId: "0HNLTFM8K8QDK:00000002", RequestPath: "/users/925f1361-f68c-4536-86e0-2edad7ef1cc5", ConnectionId: "0HNLTFM8K8QDK" }

[14:50:22 INF] Writing value of type 'Boolean' as Json. { EventId: { Id: 3, Name: "WritingResultAsJson" }, SourceContext: "Microsoft.AspNetCore.Http.Result.OkObjectResult", RequestId: "0HNLTFM8K8QDK:00000002", RequestPath: "/users/925f1361-f68c-4536-86e0-2edad7ef1cc5", ConnectionId: "0HNLTFM8K8QDK" }

[14:50:22 INF] Executed endpoint 'HTTP: PUT /users/{id}' { EventId: { Id: 1, Name: "ExecutedEndpoint" }, SourceContext: "Microsoft.AspNetCore.Routing.EndpointMiddleware", RequestId: "0HNLTFM8K8QDK:00000002", RequestPath: "/users/925f1361-f68c-4536-86e0-2edad7ef1cc5", ConnectionId: "0HNLTFM8K8QDK" }

[14:50:22 INF] CORS policy execution successful. { EventId: { Id: 4, Name: "PolicySuccess" }, SourceContext: "Microsoft.AspNetCore.Cors.Infrastructure.CorsService", RequestId: "0HNLTFM8K8QDK:00000003", RequestPath: "/users", ConnectionId: "0HNLTFM8K8QDK" }

[14:50:22 INF] CORS policy execution successful. { EventId: { Id: 4, Name: "PolicySuccess" }, SourceContext: "Microsoft.AspNetCore.Cors.Infrastructure.CorsService", RequestId: "0HNLTFM8K8QDK:00000004", RequestPath: "/users", ConnectionId: "0HNLTFM8K8QDK" }

[14:50:22 INF] Executing endpoint 'HTTP: GET /users' { EventId: { Name: "ExecutingEndpoint" }, SourceContext: "Microsoft.AspNetCore.Routing.EndpointMiddleware", RequestId: "0HNLTFM8K8QDK:00000004", RequestPath: "/users", ConnectionId: "0HNLTFM8K8QDK" }

[14:50:22 INF] Handling GetUsersQuery { SourceContext: "AppWeaver.Mediator.Behaviors.LoggingBehavior", RequestId: "0HNLTFM8K8QDK:00000004", RequestPath: "/users", ConnectionId: "0HNLTFM8K8QDK" }

[14:50:22 INF] Handled GetUsersQuery { SourceContext: "AppWeaver.Mediator.Behaviors.LoggingBehavior", RequestId: "0HNLTFM8K8QDK:00000004", RequestPath: "/users", ConnectionId: "0HNLTFM8K8QDK" }

[14:50:22 INF] Setting HTTP status code 200. { EventId: { Id: 1, Name: "WritingResultAsStatusCode" }, SourceContext: "Microsoft.AspNetCore.Http.Result.OkObjectResult", RequestId: "0HNLTFM8K8QDK:00000004", RequestPath: "/users", ConnectionId: "0HNLTFM8K8QDK" }

[14:50:22 INF] Writing value of type 'List`1' as Json. { EventId: { Id: 3, Name: "WritingResultAsJson" }, SourceContext: "Microsoft.AspNetCore.Http.Result.OkObjectResult", RequestId: "0HNLTFM8K8QDK:00000004", RequestPath: "/users", ConnectionId: "0HNLTFM8K8QDK" }

[14:50:22 INF] Executed endpoint 'HTTP: GET /users' { EventId: { Id: 1, Name: "ExecutedEndpoint" }, SourceContext: "Microsoft.AspNetCore.Routing.EndpointMiddleware", RequestId: "0HNLTFM8K8QDK:00000004", RequestPath: "/users", ConnectionId: "0HNLTFM8K8QDK" }

[14:50:47 INF] CORS policy execution successful. { EventId: { Id: 4, Name: "PolicySuccess" }, SourceContext: "Microsoft.AspNetCore.Cors.Infrastructure.CorsService", RequestId: "0HNLTFM8K8QDK:00000005", RequestPath: "/roles", ConnectionId: "0HNLTFM8K8QDK" }

[14:50:47 INF] CORS policy execution successful. { EventId: { Id: 4, Name: "PolicySuccess" }, SourceContext: "Microsoft.AspNetCore.Cors.Infrastructure.CorsService", RequestId: "0HNLTFM8K8QDK:00000006", RequestPath: "/roles", ConnectionId: "0HNLTFM8K8QDK" }

[14:50:47 INF] Executing endpoint 'HTTP: GET /roles' { EventId: { Name: "ExecutingEndpoint" }, SourceContext: "Microsoft.AspNetCore.Routing.EndpointMiddleware", RequestId: "0HNLTFM8K8QDK:00000006", RequestPath: "/roles", ConnectionId: "0HNLTFM8K8QDK" }

[14:50:47 INF] Handling GetRolesQuery { SourceContext: "AppWeaver.Mediator.Behaviors.LoggingBehavior", RequestId: "0HNLTFM8K8QDK:00000006", RequestPath: "/roles", ConnectionId: "0HNLTFM8K8QDK" }

[14:50:47 INF] Handled GetRolesQuery { SourceContext: "AppWeaver.Mediator.Behaviors.LoggingBehavior", RequestId: "0HNLTFM8K8QDK:00000006", RequestPath: "/roles", ConnectionId: "0HNLTFM8K8QDK" }

[14:50:47 INF] Executed endpoint 'HTTP: GET /roles' { EventId: { Id: 1, Name: "ExecutedEndpoint" }, SourceContext: "Microsoft.AspNetCore.Routing.EndpointMiddleware", RequestId: "0HNLTFM8K8QDK:00000006", RequestPath: "/roles", ConnectionId: "0HNLTFM8K8QDK" }

[14:51:13 INF] CORS policy execution successful. { EventId: { Id: 4, Name: "PolicySuccess" }, SourceContext: "Microsoft.AspNetCore.Cors.Infrastructure.CorsService", RequestId: "0HNLTFM8K8QDK:00000007", RequestPath: "/roles", ConnectionId: "0HNLTFM8K8QDK" }

[14:51:13 INF] CORS policy execution successful. { EventId: { Id: 4, Name: "PolicySuccess" }, SourceContext: "Microsoft.AspNetCore.Cors.Infrastructure.CorsService", RequestId: "0HNLTFM8K8QDK:00000008", RequestPath: "/roles", ConnectionId: "0HNLTFM8K8QDK" }

[14:51:13 INF] Executing endpoint 'HTTP: POST /roles' { EventId: { Name: "ExecutingEndpoint" }, SourceContext: "Microsoft.AspNetCore.Routing.EndpointMiddleware", RequestId: "0HNLTFM8K8QDK:00000008", RequestPath: "/roles", ConnectionId: "0HNLTFM8K8QDK" }

[14:51:13 INF] Handling AddRoleCommand { SourceContext: "AppWeaver.Mediator.Behaviors.LoggingBehavior", RequestId: "0HNLTFM8K8QDK:00000008", RequestPath: "/roles", ConnectionId: "0HNLTFM8K8QDK" }

[14:51:13 INF] Handled AddRoleCommand { SourceContext: "AppWeaver.Mediator.Behaviors.LoggingBehavior", RequestId: "0HNLTFM8K8QDK:00000008", RequestPath: "/roles", ConnectionId: "0HNLTFM8K8QDK" }

[14:51:13 INF] Setting HTTP status code 200. { EventId: { Id: 1, Name: "WritingResultAsStatusCode" }, SourceContext: "Microsoft.AspNetCore.Http.Result.OkObjectResult", RequestId: "0HNLTFM8K8QDK:00000008", RequestPath: "/roles", ConnectionId: "0HNLTFM8K8QDK" }

[14:51:13 INF] Writing value of type 'Guid' as Json. { EventId: { Id: 3, Name: "WritingResultAsJson" }, SourceContext: "Microsoft.AspNetCore.Http.Result.OkObjectResult", RequestId: "0HNLTFM8K8QDK:00000008", RequestPath: "/roles", ConnectionId: "0HNLTFM8K8QDK" }

[14:51:13 INF] Executed endpoint 'HTTP: POST /roles' { EventId: { Id: 1, Name: "ExecutedEndpoint" }, SourceContext: "Microsoft.AspNetCore.Routing.EndpointMiddleware", RequestId: "0HNLTFM8K8QDK:00000008", RequestPath: "/roles", ConnectionId: "0HNLTFM8K8QDK" }

[14:51:13 INF] CORS policy execution successful. { EventId: { Id: 4, Name: "PolicySuccess" }, SourceContext: "Microsoft.AspNetCore.Cors.Infrastructure.CorsService", RequestId: "0HNLTFM8K8QDK:00000009", RequestPath: "/roles", ConnectionId: "0HNLTFM8K8QDK" }

[14:51:13 INF] Executing endpoint 'HTTP: GET /roles' { EventId: { Name: "ExecutingEndpoint" }, SourceContext: "Microsoft.AspNetCore.Routing.EndpointMiddleware", RequestId: "0HNLTFM8K8QDK:00000009", RequestPath: "/roles", ConnectionId: "0HNLTFM8K8QDK" }

[14:51:13 INF] Handling GetRolesQuery { SourceContext: "AppWeaver.Mediator.Behaviors.LoggingBehavior", RequestId: "0HNLTFM8K8QDK:00000009", RequestPath: "/roles", ConnectionId: "0HNLTFM8K8QDK" }

[14:51:13 INF] Handled GetRolesQuery { SourceContext: "AppWeaver.Mediator.Behaviors.LoggingBehavior", RequestId: "0HNLTFM8K8QDK:00000009", RequestPath: "/roles", ConnectionId: "0HNLTFM8K8QDK" }

[14:51:13 INF] Executed endpoint 'HTTP: GET /roles' { EventId: { Id: 1, Name: "ExecutedEndpoint" }, SourceContext: "Microsoft.AspNetCore.Routing.EndpointMiddleware", RequestId: "0HNLTFM8K8QDK:00000009", RequestPath: "/roles", ConnectionId: "0HNLTFM8K8QDK" }

[14:51:17 INF] CORS policy execution successful. { EventId: { Id: 4, Name: "PolicySuccess" }, SourceContext: "Microsoft.AspNetCore.Cors.Infrastructure.CorsService", RequestId: "0HNLTFM8K8QDK:0000000A", RequestPath: "/users", ConnectionId: "0HNLTFM8K8QDK" }

[14:51:17 INF] CORS policy execution successful. { EventId: { Id: 4, Name: "PolicySuccess" }, SourceContext: "Microsoft.AspNetCore.Cors.Infrastructure.CorsService", RequestId: "0HNLTFM8K8QDK:0000000B", RequestPath: "/users", ConnectionId: "0HNLTFM8K8QDK" }

[14:51:17 INF] Executing endpoint 'HTTP: GET /users' { EventId: { Name: "ExecutingEndpoint" }, SourceContext: "Microsoft.AspNetCore.Routing.EndpointMiddleware", RequestId: "0HNLTFM8K8QDK:0000000B", RequestPath: "/users", ConnectionId: "0HNLTFM8K8QDK" }

[14:51:17 INF] Handling GetUsersQuery { SourceContext: "AppWeaver.Mediator.Behaviors.LoggingBehavior", RequestId: "0HNLTFM8K8QDK:0000000B", RequestPath: "/users", ConnectionId: "0HNLTFM8K8QDK" }

[14:51:17 INF] Handled GetUsersQuery { SourceContext: "AppWeaver.Mediator.Behaviors.LoggingBehavior", RequestId: "0HNLTFM8K8QDK:0000000B", RequestPath: "/users", ConnectionId: "0HNLTFM8K8QDK" }

[14:51:17 INF] Setting HTTP status code 200. { EventId: { Id: 1, Name: "WritingResultAsStatusCode" }, SourceContext: "Microsoft.AspNetCore.Http.Result.OkObjectResult", RequestId: "0HNLTFM8K8QDK:0000000B", RequestPath: "/users", ConnectionId: "0HNLTFM8K8QDK" }

[14:51:17 INF] Writing value of type 'List`1' as Json. { EventId: { Id: 3, Name: "WritingResultAsJson" }, SourceContext: "Microsoft.AspNetCore.Http.Result.OkObjectResult", RequestId: "0HNLTFM8K8QDK:0000000B", RequestPath: "/users", ConnectionId: "0HNLTFM8K8QDK" }

[14:51:17 INF] Executed endpoint 'HTTP: GET /users' { EventId: { Id: 1, Name: "ExecutedEndpoint" }, SourceContext: "Microsoft.AspNetCore.Routing.EndpointMiddleware", RequestId: "0HNLTFM8K8QDK:0000000B", RequestPath: "/users", ConnectionId: "0HNLTFM8K8QDK" }

[14:51:17 INF] CORS policy execution successful. { EventId: { Id: 4, Name: "PolicySuccess" }, SourceContext: "Microsoft.AspNetCore.Cors.Infrastructure.CorsService", RequestId: "0HNLTFM8K8QDM:00000001", RequestPath: "/roles", ConnectionId: "0HNLTFM8K8QDM" }

[14:51:17 INF] CORS policy execution successful. { EventId: { Id: 4, Name: "PolicySuccess" }, SourceContext: "Microsoft.AspNetCore.Cors.Infrastructure.CorsService", RequestId: "0HNLTFM8K8QDL:00000001", RequestPath: "/departments", ConnectionId: "0HNLTFM8K8QDL" }

[14:51:17 INF] Executing endpoint 'HTTP: GET /roles' { EventId: { Name: "ExecutingEndpoint" }, SourceContext: "Microsoft.AspNetCore.Routing.EndpointMiddleware", RequestId: "0HNLTFM8K8QDM:00000001", RequestPath: "/roles", ConnectionId: "0HNLTFM8K8QDM" }

[14:51:17 INF] Handling GetRolesQuery { SourceContext: "AppWeaver.Mediator.Behaviors.LoggingBehavior", RequestId: "0HNLTFM8K8QDM:00000001", RequestPath: "/roles", ConnectionId: "0HNLTFM8K8QDM" }

[14:51:17 INF] CORS policy execution successful. { EventId: { Id: 4, Name: "PolicySuccess" }, SourceContext: "Microsoft.AspNetCore.Cors.Infrastructure.CorsService", RequestId: "0HNLTFM8K8QDL:00000002", RequestPath: "/departments", ConnectionId: "0HNLTFM8K8QDL" }

[14:51:17 INF] Executing endpoint 'HTTP: GET /departments' { EventId: { Name: "ExecutingEndpoint" }, SourceContext: "Microsoft.AspNetCore.Routing.EndpointMiddleware", RequestId: "0HNLTFM8K8QDL:00000002", RequestPath: "/departments", ConnectionId: "0HNLTFM8K8QDL" }

[14:51:17 INF] Handling GetDepartmentsQuery { SourceContext: "AppWeaver.Mediator.Behaviors.LoggingBehavior", RequestId: "0HNLTFM8K8QDL:00000002", RequestPath: "/departments", ConnectionId: "0HNLTFM8K8QDL" }

[14:51:17 INF] Handled GetRolesQuery { SourceContext: "AppWeaver.Mediator.Behaviors.LoggingBehavior", RequestId: "0HNLTFM8K8QDM:00000001", RequestPath: "/roles", ConnectionId: "0HNLTFM8K8QDM" }

[14:51:17 INF] Executed endpoint 'HTTP: GET /roles' { EventId: { Id: 1, Name: "ExecutedEndpoint" }, SourceContext: "Microsoft.AspNetCore.Routing.EndpointMiddleware", RequestId: "0HNLTFM8K8QDM:00000001", RequestPath: "/roles", ConnectionId: "0HNLTFM8K8QDM" }

[14:51:17 INF] Handled GetDepartmentsQuery { SourceContext: "AppWeaver.Mediator.Behaviors.LoggingBehavior", RequestId: "0HNLTFM8K8QDL:00000002", RequestPath: "/departments", ConnectionId: "0HNLTFM8K8QDL" }

[14:51:17 INF] Executed endpoint 'HTTP: GET /departments' { EventId: { Id: 1, Name: "ExecutedEndpoint" }, SourceContext: "Microsoft.AspNetCore.Routing.EndpointMiddleware", RequestId: "0HNLTFM8K8QDL:00000002", RequestPath: "/departments", ConnectionId: "0HNLTFM8K8QDL" }

[17:11:10 INF] Application is shutting down... { SourceContext: "Microsoft.Hosting.Lifetime" }

