[15:50:00 WRN] No instantiatable types implementing `IEntityTypeConfiguration` were found while scanning assembly 'BytesRewards.Service, Version=1.0.0.0, Culture=neutral, PublicKeyToken=null'. { EventId: { Id: 10632, Name: "Microsoft.EntityFrameworkCore.Model.NoEntityTypeConfigurationsWarning" }, SourceContext: "Microsoft.EntityFrameworkCore.Model" }

[15:50:00 INF] Acquiring an exclusive lock for migration application. See https://aka.ms/efcore-docs-migrations-lock for more information if this takes too long. { EventId: { Id: 20411, Name: "Microsoft.EntityFrameworkCore.Migrations.AcquiringMigrationLock" }, SourceContext: "Microsoft.EntityFrameworkCore.Migrations" }

[15:50:00 INF] Applying migration '20260505101855_InitialMigration'. { EventId: { Id: 20402, Name: "Microsoft.EntityFrameworkCore.Migrations.MigrationApplying" }, SourceContext: "Microsoft.EntityFrameworkCore.Migrations" }

[15:50:00 INF] Registered 1 endpoints in 441 milliseconds. { EventId: { Id: 1, Name: "EndpointsRegistered" }, SourceContext: "FastEndpoints.StartupTimer" }

[15:50:00 INF] No validators found in the system! { EventId: { Id: 1, Name: "NoValidatorsFound" }, SourceContext: "FastEndpoints.Swagger.ValidationSchemaProcessor" }

[15:50:00 INF] User profile is available. Using '/Users/vinod.s/.aspnet/DataProtection-Keys' as key repository; keys will not be encrypted at rest. { EventId: { Id: 62, Name: "UsingProfileAsKeyRepository" }, SourceContext: "Microsoft.AspNetCore.DataProtection.KeyManagement.XmlKeyManager" }

[15:50:00 WRN] The property 'AuditLog.Metadata' is a collection or enumeration type with a value converter but with no value comparer. Set a value comparer to ensure the collection/enumeration elements are compared correctly. { EventId: { Id: 10620, Name: "Microsoft.EntityFrameworkCore.Model.Validation.CollectionWithoutComparer" }, SourceContext: "Microsoft.EntityFrameworkCore.Model.Validation" }

[15:50:00 WRN] The entity type 'AuditLog' is configured to use schema 'Auditing', but SQLite does not support schemas. This configuration will be ignored by the SQLite provider. { EventId: { Id: 30000, Name: "Microsoft.EntityFrameworkCore.Model.Validation.SchemaConfiguredWarning" }, SourceContext: "Microsoft.EntityFrameworkCore.Model.Validation" }

[15:50:00 WRN] The entity type 'EntityChange' is configured to use schema 'Auditing', but SQLite does not support schemas. This configuration will be ignored by the SQLite provider. { EventId: { Id: 30000, Name: "Microsoft.EntityFrameworkCore.Model.Validation.SchemaConfiguredWarning" }, SourceContext: "Microsoft.EntityFrameworkCore.Model.Validation" }

[15:50:00 WRN] The entity type 'PropertyChange' is configured to use schema 'Auditing', but SQLite does not support schemas. This configuration will be ignored by the SQLite provider. { EventId: { Id: 30000, Name: "Microsoft.EntityFrameworkCore.Model.Validation.SchemaConfiguredWarning" }, SourceContext: "Microsoft.EntityFrameworkCore.Model.Validation" }

[15:50:00 WRN] The property 'AuditLog.Metadata' is a collection or enumeration type with a value converter but with no value comparer. Set a value comparer to ensure the collection/enumeration elements are compared correctly. { EventId: { Id: 10620, Name: "Microsoft.EntityFrameworkCore.Model.Validation.CollectionWithoutComparer" }, SourceContext: "Microsoft.EntityFrameworkCore.Model.Validation" }

[15:50:00 WRN] The entity type 'AuditLog' is configured to use schema 'Auditing', but SQLite does not support schemas. This configuration will be ignored by the SQLite provider. { EventId: { Id: 30000, Name: "Microsoft.EntityFrameworkCore.Model.Validation.SchemaConfiguredWarning" }, SourceContext: "Microsoft.EntityFrameworkCore.Model.Validation" }

[15:50:00 WRN] The entity type 'EntityChange' is configured to use schema 'Auditing', but SQLite does not support schemas. This configuration will be ignored by the SQLite provider. { EventId: { Id: 30000, Name: "Microsoft.EntityFrameworkCore.Model.Validation.SchemaConfiguredWarning" }, SourceContext: "Microsoft.EntityFrameworkCore.Model.Validation" }

[15:50:00 WRN] The entity type 'PropertyChange' is configured to use schema 'Auditing', but SQLite does not support schemas. This configuration will be ignored by the SQLite provider. { EventId: { Id: 30000, Name: "Microsoft.EntityFrameworkCore.Model.Validation.SchemaConfiguredWarning" }, SourceContext: "Microsoft.EntityFrameworkCore.Model.Validation" }

[15:50:00 ERR] Hosting failed to start { EventId: { Id: 11, Name: "HostedServiceStartupFaulted" }, SourceContext: "Microsoft.Extensions.Hosting.Internal.Host" }

System.InvalidOperationException: An error was generated for warning 'Microsoft.EntityFrameworkCore.Migrations.PendingModelChangesWarning': The model for context 'SharedComponentDbContext' has pending changes. Add a new migration before updating the database. See https://aka.ms/efcore-docs-pending-changes. This exception can be suppressed or logged by passing event ID 'RelationalEventId.PendingModelChangesWarning' to the 'ConfigureWarnings' method in 'DbContext.OnConfiguring' or 'AddDbContext'.
   at Microsoft.EntityFrameworkCore.Diagnostics.EventDefinition`1.Log[TLoggerCategory](IDiagnosticsLogger`1 logger, TParam arg)
   at Microsoft.EntityFrameworkCore.Diagnostics.RelationalLoggerExtensions.PendingModelChangesWarning(IDiagnosticsLogger`1 diagnostics, Type contextType)
   at Microsoft.EntityFrameworkCore.Migrations.Internal.Migrator.ValidateMigrations(Boolean useTransaction, String targetMigration)
   at Microsoft.EntityFrameworkCore.Migrations.Internal.Migrator.MigrateAsync(String targetMigration, CancellationToken cancellationToken)
   at AppWeaver.DataStore.EfCore.Hosting.DataStoreMigrationHostedService.StartAsync(CancellationToken cancellationToken)
   at AppWeaver.DataStore.EfCore.Hosting.DataStoreMigrationHostedService.StartAsync(CancellationToken cancellationToken)
   at Microsoft.Extensions.Hosting.Internal.Host.<StartAsync>b__14_1(IHostedService service, CancellationToken token)
   at Microsoft.Extensions.Hosting.Internal.Host.ForeachService[T](IEnumerable`1 services, CancellationToken token, Boolean concurrent, Boolean abortOnFirstException, List`1 exceptions, Func`3 operation)
[15:56:54 WRN] No instantiatable types implementing `IEntityTypeConfiguration` were found while scanning assembly 'BytesRewards.Service, Version=1.0.0.0, Culture=neutral, PublicKeyToken=null'. { EventId: { Id: 10632, Name: "Microsoft.EntityFrameworkCore.Model.NoEntityTypeConfigurationsWarning" }, SourceContext: "Microsoft.EntityFrameworkCore.Model" }

[15:57:10 ERR] An error occurred using the connection to database 'bytesrewards-db' on server 'tcp://localhost:61355'. { EventId: { Id: 20004, Name: "Microsoft.EntityFrameworkCore.Database.Connection.ConnectionError" }, SourceContext: "Microsoft.EntityFrameworkCore.Database.Connection" }

[16:00:48 WRN] No instantiatable types implementing `IEntityTypeConfiguration` were found while scanning assembly 'BytesRewards.Service, Version=1.0.0.0, Culture=neutral, PublicKeyToken=null'. { EventId: { Id: 10632, Name: "Microsoft.EntityFrameworkCore.Model.NoEntityTypeConfigurationsWarning" }, SourceContext: "Microsoft.EntityFrameworkCore.Model" }

[16:00:48 ERR] Failed executing DbCommand (18ms) [Parameters=[], CommandType='"Text"', CommandTimeout='30']
SELECT "MigrationId", "ProductVersion"
FROM "__EFMigrationsHistory"
ORDER BY "MigrationId"; { EventId: { Id: 20102, Name: "Microsoft.EntityFrameworkCore.Database.Command.CommandError" }, SourceContext: "Microsoft.EntityFrameworkCore.Database.Command" }

[16:00:48 INF] Applying migration '20260505102624_InitialMigration'. { EventId: { Id: 20402, Name: "Microsoft.EntityFrameworkCore.Migrations.MigrationApplying" }, SourceContext: "Microsoft.EntityFrameworkCore.Migrations" }

[16:00:48 INF] Registered 1 endpoints in 950 milliseconds. { EventId: { Id: 1, Name: "EndpointsRegistered" }, SourceContext: "FastEndpoints.StartupTimer" }

[16:00:48 INF] No validators found in the system! { EventId: { Id: 1, Name: "NoValidatorsFound" }, SourceContext: "FastEndpoints.Swagger.ValidationSchemaProcessor" }

[16:00:48 INF] User profile is available. Using '/Users/vinod.s/.aspnet/DataProtection-Keys' as key repository; keys will not be encrypted at rest. { EventId: { Id: 62, Name: "UsingProfileAsKeyRepository" }, SourceContext: "Microsoft.AspNetCore.DataProtection.KeyManagement.XmlKeyManager" }

[16:00:48 WRN] The property 'AuditLog.Metadata' is a collection or enumeration type with a value converter but with no value comparer. Set a value comparer to ensure the collection/enumeration elements are compared correctly. { EventId: { Id: 10620, Name: "Microsoft.EntityFrameworkCore.Model.Validation.CollectionWithoutComparer" }, SourceContext: "Microsoft.EntityFrameworkCore.Model.Validation" }

[16:00:49 INF] Applying migration '20260505102635_DataStoreMigrations'. { EventId: { Id: 20402, Name: "Microsoft.EntityFrameworkCore.Migrations.MigrationApplying" }, SourceContext: "Microsoft.EntityFrameworkCore.Migrations" }

[16:00:49 INF] Now listening on: http://localhost:61986 { EventId: { Id: 14, Name: "ListeningOnAddress" }, SourceContext: "Microsoft.Hosting.Lifetime" }

[16:00:49 INF] Application started. Press Ctrl+C to shut down. { SourceContext: "Microsoft.Hosting.Lifetime" }

[16:00:49 INF] Hosting environment: Development { SourceContext: "Microsoft.Hosting.Lifetime" }

[16:00:49 INF] Content root path: /Users/vinod.s/Work/Bytestrone/AppWeaver/Code/appweaver/templates/BytesRewards.V1/src/BytesRewards.Service { SourceContext: "Microsoft.Hosting.Lifetime" }

[17:05:21 INF] Application is shutting down... { SourceContext: "Microsoft.Hosting.Lifetime" }

